// Vitest Snapshot v1, https://vitest.dev/guide/snapshot.html

exports[`debug snapshot parity > matches the native TypeScript SDK fanout graph against a debug server > client-apis 1`] = `
{
  "observed": {
    "beginRpc": {
      "input": "beginRpc",
      "step": "clientEcho",
    },
    "beginRun": {
      "input": "beginRun",
      "step": "clientEcho",
    },
    "cancel": "canceled",
    "error": "errored",
    "get": {
      "input": "beginRun",
      "step": "clientEcho",
    },
    "reject": "rejected",
    "resolve": {
      "approval": "approved",
      "input": "resolve",
    },
    "retry": {
      "attempt": 1,
      "input": "retry",
      "step": "retryOnce",
    },
    "rpc": {
      "input": "rpc",
      "step": "clientEcho",
    },
    "run": {
      "input": "run",
      "step": "clientEcho",
    },
    "schedule": {
      "cron": "* * * * *",
      "id": "client-schedule",
      "promiseId": "{{.id}}.{{.timestamp}}",
      "promiseParam": {
        "args": [
          "schedule",
        ],
        "func": "clientEcho",
        "version": 1,
      },
      "promiseTags": {
        "resonate:target": "poll://any@debug-snapshot-parity",
      },
      "promiseTimeout": 86400000,
    },
  },
  "snapshot": {
    "callbacks": [],
    "listeners": [],
    "messages": [],
    "promiseTimeouts": [
      {
        "id": "client-cancel.0",
        "timeout": "<timestamp>",
      },
    ],
    "promises": [
      {
        "createdAt": "<timestamp>",
        "id": "client-begin-rpc",
        "param": {
          "data": "eyJmdW5jIjoiY2xpZW50RWNobyIsImFyZ3MiOlsiYmVnaW5ScGMiXSwidmVyc2lvbiI6MX0=",
          "headers": {},
        },
        "settledAt": "<timestamp>",
        "state": "resolved",
        "tags": {
          "resonate:branch": "client-begin-rpc",
          "resonate:origin": "client-begin-rpc",
          "resonate:parent": "client-begin-rpc",
          "resonate:prefix": "client-begin-rpc",
          "resonate:scope": "global",
          "resonate:target": "poll://any@debug-snapshot-parity",
        },
        "timeoutAt": "<timestamp>",
        "value": {
          "data": "eyJzdGVwIjoiY2xpZW50RWNobyIsImlucHV0IjoiYmVnaW5ScGMifQ==",
          "headers": {},
        },
      },
      {
        "createdAt": "<timestamp>",
        "id": "client-begin-run",
        "param": {
          "data": "eyJmdW5jIjoiY2xpZW50RWNobyIsImFyZ3MiOlsiYmVnaW5SdW4iXSwidmVyc2lvbiI6MX0=",
          "headers": {},
        },
        "settledAt": "<timestamp>",
        "state": "resolved",
        "tags": {
          "resonate:branch": "client-begin-run",
          "resonate:origin": "client-begin-run",
          "resonate:parent": "client-begin-run",
          "resonate:prefix": "client-begin-run",
          "resonate:scope": "global",
          "resonate:target": "poll://any@debug-snapshot-parity/client-api-worker",
        },
        "timeoutAt": "<timestamp>",
        "value": {
          "data": "eyJzdGVwIjoiY2xpZW50RWNobyIsImlucHV0IjoiYmVnaW5SdW4ifQ==",
          "headers": {},
        },
      },
      {
        "createdAt": "<timestamp>",
        "id": "client-cancel",
        "param": {
          "data": "eyJmdW5jIjoiYXdhaXRBcHByb3ZhbCIsImFyZ3MiOlsiY2FuY2VsIl0sInZlcnNpb24iOjF9",
          "headers": {},
        },
        "settledAt": "<timestamp>",
        "state": "rejected_canceled",
        "tags": {
          "resonate:branch": "client-cancel",
          "resonate:origin": "client-cancel",
          "resonate:parent": "client-cancel",
          "resonate:prefix": "client-cancel",
          "resonate:scope": "global",
          "resonate:target": "poll://any@debug-snapshot-parity",
        },
        "timeoutAt": "<timestamp>",
        "value": {
          "data": "",
          "headers": {},
        },
      },
      {
        "createdAt": "<timestamp>",
        "id": "client-cancel.0",
        "param": {
          "data": "",
          "headers": {},
        },
        "state": "pending",
        "tags": {
          "resonate:branch": "client-cancel.0",
          "resonate:origin": "client-cancel",
          "resonate:parent": "client-cancel",
          "resonate:prefix": "client-cancel",
          "resonate:scope": "global",
        },
        "timeoutAt": "<timestamp>",
        "value": {},
      },
      {
        "createdAt": "<timestamp>",
        "id": "client-error",
        "param": {
          "data": "eyJmdW5jIjoiYWx3YXlzUmVqZWN0IiwiYXJncyI6WyJlcnJvciJdLCJ2ZXJzaW9uIjoxfQ==",
          "headers": {},
        },
        "settledAt": "<timestamp>",
        "state": "rejected",
        "tags": {
          "resonate:branch": "client-error",
          "resonate:origin": "client-error",
          "resonate:parent": "client-error",
          "resonate:prefix": "client-error",
          "resonate:scope": "global",
          "resonate:target": "poll://any@debug-snapshot-parity",
        },
        "timeoutAt": "<timestamp>",
        "value": {
          "data": "eyJzdGVwIjoiYWx3YXlzUmVqZWN0IiwiaW5wdXQiOiJlcnJvciJ9",
          "headers": {},
        },
      },
      {
        "createdAt": "<timestamp>",
        "id": "client-reject",
        "param": {
          "data": "eyJmdW5jIjoiYXdhaXRBcHByb3ZhbCIsImFyZ3MiOlsicmVqZWN0Il0sInZlcnNpb24iOjF9",
          "headers": {},
        },
        "settledAt": "<timestamp>",
        "state": "rejected",
        "tags": {
          "resonate:branch": "client-reject",
          "resonate:origin": "client-reject",
          "resonate:parent": "client-reject",
          "resonate:prefix": "client-reject",
          "resonate:scope": "global",
          "resonate:target": "poll://any@debug-snapshot-parity",
        },
        "timeoutAt": "<timestamp>",
        "value": {
          "data": "ImRlbmllZCI=",
          "headers": {},
        },
      },
      {
        "createdAt": "<timestamp>",
        "id": "client-reject.0",
        "param": {
          "data": "",
          "headers": {},
        },
        "settledAt": "<timestamp>",
        "state": "rejected",
        "tags": {
          "resonate:branch": "client-reject.0",
          "resonate:origin": "client-reject",
          "resonate:parent": "client-reject",
          "resonate:prefix": "client-reject",
          "resonate:scope": "global",
        },
        "timeoutAt": "<timestamp>",
        "value": {
          "data": "ImRlbmllZCI=",
          "headers": {
            "resonate:schema": "approval",
          },
        },
      },
      {
        "createdAt": "<timestamp>",
        "id": "client-resolve",
        "param": {
          "data": "eyJmdW5jIjoiYXdhaXRBcHByb3ZhbCIsImFyZ3MiOlsicmVzb2x2ZSJdLCJ2ZXJzaW9uIjoxfQ==",
          "headers": {},
        },
        "settledAt": "<timestamp>",
        "state": "resolved",
        "tags": {
          "resonate:branch": "client-resolve",
          "resonate:origin": "client-resolve",
          "resonate:parent": "client-resolve",
          "resonate:prefix": "client-resolve",
          "resonate:scope": "global",
          "resonate:target": "poll://any@debug-snapshot-parity",
        },
        "timeoutAt": "<timestamp>",
        "value": {
          "data": "eyJpbnB1dCI6InJlc29sdmUiLCJhcHByb3ZhbCI6ImFwcHJvdmVkIn0=",
          "headers": {},
        },
      },
      {
        "createdAt": "<timestamp>",
        "id": "client-resolve.0",
        "param": {
          "data": "",
          "headers": {},
        },
        "settledAt": "<timestamp>",
        "state": "resolved",
        "tags": {
          "resonate:branch": "client-resolve.0",
          "resonate:origin": "client-resolve",
          "resonate:parent": "client-resolve",
          "resonate:prefix": "client-resolve",
          "resonate:scope": "global",
        },
        "timeoutAt": "<timestamp>",
        "value": {
          "data": "ImFwcHJvdmVkIg==",
          "headers": {
            "resonate:schema": "approval",
          },
        },
      },
      {
        "createdAt": "<timestamp>",
        "id": "client-retry",
        "param": {
          "data": "eyJmdW5jIjoicmV0cnlPbmNlIiwiYXJncyI6WyJyZXRyeSJdLCJyZXRyeSI6eyJ0eXBlIjoiY29uc3RhbnQiLCJkYXRhIjp7ImRlbGF5IjowLCJtYXhSZXRyaWVzIjoxfX0sInZlcnNpb24iOjF9",
          "headers": {},
        },
        "settledAt": "<timestamp>",
        "state": "resolved",
        "tags": {
          "resonate:branch": "client-retry",
          "resonate:origin": "client-retry",
          "resonate:parent": "client-retry",
          "resonate:prefix": "client-retry",
          "resonate:scope": "global",
          "resonate:target": "poll://any@debug-snapshot-parity",
        },
        "timeoutAt": "<timestamp>",
        "value": {
          "data": "eyJzdGVwIjoicmV0cnlPbmNlIiwiaW5wdXQiOiJyZXRyeSIsImF0dGVtcHQiOjF9",
          "headers": {},
        },
      },
      {
        "createdAt": "<timestamp>",
        "id": "client-rpc",
        "param": {
          "data": "eyJmdW5jIjoiY2xpZW50RWNobyIsImFyZ3MiOlsicnBjIl0sInZlcnNpb24iOjF9",
          "headers": {},
        },
        "settledAt": "<timestamp>",
        "state": "resolved",
        "tags": {
          "resonate:branch": "client-rpc",
          "resonate:origin": "client-rpc",
          "resonate:parent": "client-rpc",
          "resonate:prefix": "client-rpc",
          "resonate:scope": "global",
          "resonate:target": "poll://any@debug-snapshot-parity",
        },
        "timeoutAt": "<timestamp>",
        "value": {
          "data": "eyJzdGVwIjoiY2xpZW50RWNobyIsImlucHV0IjoicnBjIn0=",
          "headers": {},
        },
      },
      {
        "createdAt": "<timestamp>",
        "id": "client-run",
        "param": {
          "data": "eyJmdW5jIjoiY2xpZW50RWNobyIsImFyZ3MiOlsicnVuIl0sInZlcnNpb24iOjF9",
          "headers": {},
        },
        "settledAt": "<timestamp>",
        "state": "resolved",
        "tags": {
          "resonate:branch": "client-run",
          "resonate:origin": "client-run",
          "resonate:parent": "client-run",
          "resonate:prefix": "client-run",
          "resonate:scope": "global",
          "resonate:target": "poll://any@debug-snapshot-parity/client-api-worker",
        },
        "timeoutAt": "<timestamp>",
        "value": {
          "data": "eyJzdGVwIjoiY2xpZW50RWNobyIsImlucHV0IjoicnVuIn0=",
          "headers": {},
        },
      },
    ],
    "taskTimeouts": [],
    "tasks": [
      {
        "id": "client-begin-rpc",
        "resumes": 0,
        "state": "fulfilled",
        "version": 1,
      },
      {
        "id": "client-begin-run",
        "resumes": 0,
        "state": "fulfilled",
        "version": 1,
      },
      {
        "id": "client-cancel",
        "resumes": 0,
        "state": "fulfilled",
        "version": 1,
      },
      {
        "id": "client-error",
        "resumes": 0,
        "state": "fulfilled",
        "version": 1,
      },
      {
        "id": "client-reject",
        "resumes": 0,
        "state": "fulfilled",
        "version": 2,
      },
      {
        "id": "client-resolve",
        "resumes": 0,
        "state": "fulfilled",
        "version": 2,
      },
      {
        "id": "client-retry",
        "resumes": 0,
        "state": "fulfilled",
        "version": 1,
      },
      {
        "id": "client-rpc",
        "resumes": 0,
        "state": "fulfilled",
        "version": 1,
      },
      {
        "id": "client-run",
        "resumes": 0,
        "state": "fulfilled",
        "version": 1,
      },
    ],
  },
}
`;

exports[`debug snapshot parity > matches the native TypeScript SDK fanout graph against a debug server > context-apis 1`] = `
{
  "observed": {
    "observed": {
      "approval": "approved-by-driver",
      "beginRpc": {
        "attempt": 1,
        "input": "driver:beginRpc",
        "step": "remoteChild",
      },
      "detached": {
        "input": "driver:detached",
        "parentId": "context-apis.d1ff940aac8c872",
        "step": "detachedChild",
      },
      "fast": {
        "input": "driver:fast",
        "step": "localFast",
      },
      "input": "driver",
      "local": {
        "input": "driver:run",
        "step": "localStep",
      },
      "rpc": {
        "attempt": 1,
        "input": "driver:rpc",
        "step": "remoteChild",
      },
      "slow": {
        "input": "driver:slow",
        "step": "localSlow",
      },
    },
    "scenario": "context-apis",
  },
  "snapshot": {
    "callbacks": [],
    "listeners": [],
    "messages": [],
    "promiseTimeouts": [],
    "promises": [
      {
        "createdAt": "<timestamp>",
        "id": "context-apis",
        "param": {
          "data": "eyJmdW5jIjoiY29udGV4dEFwaXMiLCJhcmdzIjpbImRyaXZlciJdLCJ2ZXJzaW9uIjoxfQ==",
          "headers": {},
        },
        "settledAt": "<timestamp>",
        "state": "resolved",
        "tags": {
          "resonate:branch": "context-apis",
          "resonate:origin": "context-apis",
          "resonate:parent": "context-apis",
          "resonate:prefix": "context-apis",
          "resonate:scope": "global",
          "resonate:target": "poll://any@debug-snapshot-parity",
        },
        "timeoutAt": "<timestamp>",
        "value": {
          "data": "eyJpbnB1dCI6ImRyaXZlciIsImxvY2FsIjp7InN0ZXAiOiJsb2NhbFN0ZXAiLCJpbnB1dCI6ImRyaXZlcjpydW4ifSwiZmFzdCI6eyJzdGVwIjoibG9jYWxGYXN0IiwiaW5wdXQiOiJkcml2ZXI6ZmFzdCJ9LCJhcHByb3ZhbCI6ImFwcHJvdmVkLWJ5LWRyaXZlciIsInNsb3ciOnsic3RlcCI6ImxvY2FsU2xvdyIsImlucHV0IjoiZHJpdmVyOnNsb3cifSwicnBjIjp7InN0ZXAiOiJyZW1vdGVDaGlsZCIsImlucHV0IjoiZHJpdmVyOnJwYyIsImF0dGVtcHQiOjF9LCJiZWdpblJwYyI6eyJzdGVwIjoicmVtb3RlQ2hpbGQiLCJpbnB1dCI6ImRyaXZlcjpiZWdpblJwYyIsImF0dGVtcHQiOjF9LCJkZXRhY2hlZCI6eyJzdGVwIjoiZGV0YWNoZWRDaGlsZCIsImlucHV0IjoiZHJpdmVyOmRldGFjaGVkIiwicGFyZW50SWQiOiJjb250ZXh0LWFwaXMuZDFmZjk0MGFhYzhjODcyIn19",
          "headers": {},
        },
      },
      {
        "createdAt": "<timestamp>",
        "id": "context-apis.0",
        "param": {
          "data": "",
          "headers": {},
        },
        "settledAt": "<timestamp>",
        "state": "resolved",
        "tags": {
          "kind": "approval",
          "resonate:branch": "context-apis.0",
          "resonate:origin": "context-apis",
          "resonate:parent": "context-apis",
          "resonate:prefix": "context-apis",
          "resonate:scope": "global",
        },
        "timeoutAt": "<timestamp>",
        "value": {
          "data": "ImFwcHJvdmVkLWJ5LWRyaXZlciI=",
          "headers": {
            "resonate:schema": "approval",
          },
        },
      },
      {
        "createdAt": "<timestamp>",
        "id": "context-apis.1",
        "param": {
          "data": "eyJmdW5jIjoibG9jYWxTdGVwIiwidmVyc2lvbiI6MX0=",
          "headers": {},
        },
        "settledAt": "<timestamp>",
        "state": "resolved",
        "tags": {
          "resonate:branch": "context-apis",
          "resonate:origin": "context-apis",
          "resonate:parent": "context-apis",
          "resonate:prefix": "context-apis",
          "resonate:scope": "local",
        },
        "timeoutAt": "<timestamp>",
        "value": {
          "data": "eyJzdGVwIjoibG9jYWxTdGVwIiwiaW5wdXQiOiJkcml2ZXI6cnVuIn0=",
          "headers": {},
        },
      },
      {
        "createdAt": "<timestamp>",
        "id": "context-apis.2",
        "param": {
          "data": "eyJmdW5jIjoibG9jYWxTbG93IiwidmVyc2lvbiI6MX0=",
          "headers": {},
        },
        "settledAt": "<timestamp>",
        "state": "resolved",
        "tags": {
          "resonate:branch": "context-apis",
          "resonate:origin": "context-apis",
          "resonate:parent": "context-apis",
          "resonate:prefix": "context-apis",
          "resonate:scope": "local",
        },
        "timeoutAt": "<timestamp>",
        "value": {
          "data": "eyJzdGVwIjoibG9jYWxTbG93IiwiaW5wdXQiOiJkcml2ZXI6c2xvdyJ9",
          "headers": {},
        },
      },
      {
        "createdAt": "<timestamp>",
        "id": "context-apis.3",
        "param": {
          "data": "eyJmdW5jIjoibG9jYWxGYXN0IiwidmVyc2lvbiI6MX0=",
          "headers": {},
        },
        "settledAt": "<timestamp>",
        "state": "resolved",
        "tags": {
          "resonate:branch": "context-apis",
          "resonate:origin": "context-apis",
          "resonate:parent": "context-apis",
          "resonate:prefix": "context-apis",
          "resonate:scope": "local",
        },
        "timeoutAt": "<timestamp>",
        "value": {
          "data": "eyJzdGVwIjoibG9jYWxGYXN0IiwiaW5wdXQiOiJkcml2ZXI6ZmFzdCJ9",
          "headers": {},
        },
      },
      {
        "createdAt": "<timestamp>",
        "id": "context-apis.4",
        "param": {
          "data": "eyJmdW5jIjoicmVtb3RlQ2hpbGQiLCJhcmdzIjpbImRyaXZlcjpycGMiXSwidmVyc2lvbiI6MX0=",
          "headers": {},
        },
        "settledAt": "<timestamp>",
        "state": "resolved",
        "tags": {
          "resonate:branch": "context-apis.4",
          "resonate:origin": "context-apis",
          "resonate:parent": "context-apis",
          "resonate:prefix": "context-apis",
          "resonate:scope": "global",
          "resonate:target": "poll://any@debug-snapshot-parity",
        },
        "timeoutAt": "<timestamp>",
        "value": {
          "data": "eyJzdGVwIjoicmVtb3RlQ2hpbGQiLCJpbnB1dCI6ImRyaXZlcjpycGMiLCJhdHRlbXB0IjoxfQ==",
          "headers": {},
        },
      },
      {
        "createdAt": "<timestamp>",
        "id": "context-apis.5",
        "param": {
          "data": "eyJmdW5jIjoicmVtb3RlQ2hpbGQiLCJhcmdzIjpbImRyaXZlcjpiZWdpblJwYyJdLCJ2ZXJzaW9uIjoxfQ==",
          "headers": {},
        },
        "settledAt": "<timestamp>",
        "state": "resolved",
        "tags": {
          "resonate:branch": "context-apis.5",
          "resonate:origin": "context-apis",
          "resonate:parent": "context-apis",
          "resonate:prefix": "context-apis",
          "resonate:scope": "global",
          "resonate:target": "poll://any@debug-snapshot-parity",
        },
        "timeoutAt": "<timestamp>",
        "value": {
          "data": "eyJzdGVwIjoicmVtb3RlQ2hpbGQiLCJpbnB1dCI6ImRyaXZlcjpiZWdpblJwYyIsImF0dGVtcHQiOjF9",
          "headers": {},
        },
      },
      {
        "createdAt": "<timestamp>",
        "id": "context-apis.7",
        "param": {
          "data": "IiI=",
          "headers": {},
        },
        "settledAt": "<timestamp>",
        "state": "resolved",
        "tags": {
          "resonate:branch": "context-apis.7",
          "resonate:origin": "context-apis",
          "resonate:parent": "context-apis",
          "resonate:prefix": "context-apis",
          "resonate:scope": "global",
          "resonate:timer": "true",
        },
        "timeoutAt": "<timestamp>",
        "value": {},
      },
      {
        "createdAt": "<timestamp>",
        "id": "context-apis.8",
        "param": {
          "data": "IiI=",
          "headers": {},
        },
        "settledAt": "<timestamp>",
        "state": "resolved",
        "tags": {
          "resonate:branch": "context-apis.8",
          "resonate:origin": "context-apis",
          "resonate:parent": "context-apis",
          "resonate:prefix": "context-apis",
          "resonate:scope": "global",
          "resonate:timer": "true",
        },
        "timeoutAt": "<timestamp>",
        "value": {},
      },
      {
        "createdAt": "<timestamp>",
        "id": "context-apis.d1ff940aac8c872",
        "param": {
          "data": "eyJmdW5jIjoiZGV0YWNoZWRDaGlsZCIsImFyZ3MiOlsiZHJpdmVyOmRldGFjaGVkIl0sInZlcnNpb24iOjF9",
          "headers": {},
        },
        "settledAt": "<timestamp>",
        "state": "resolved",
        "tags": {
          "resonate:branch": "context-apis.d1ff940aac8c872",
          "resonate:origin": "context-apis.d1ff940aac8c872",
          "resonate:parent": "context-apis",
          "resonate:prefix": "context-apis",
          "resonate:scope": "global",
          "resonate:target": "poll://any@debug-snapshot-parity",
        },
        "timeoutAt": "<timestamp>",
        "value": {
          "data": "eyJzdGVwIjoiZGV0YWNoZWRDaGlsZCIsImlucHV0IjoiZHJpdmVyOmRldGFjaGVkIiwicGFyZW50SWQiOiJjb250ZXh0LWFwaXMuZDFmZjk0MGFhYzhjODcyIn0=",
          "headers": {},
        },
      },
    ],
    "taskTimeouts": [],
    "tasks": [
      {
        "id": "context-apis",
        "resumes": 0,
        "state": "fulfilled",
        "version": 3,
      },
      {
        "id": "context-apis.4",
        "resumes": 0,
        "state": "fulfilled",
        "version": 1,
      },
      {
        "id": "context-apis.5",
        "resumes": 0,
        "state": "fulfilled",
        "version": 1,
      },
      {
        "id": "context-apis.d1ff940aac8c872",
        "resumes": 0,
        "state": "fulfilled",
        "version": 1,
      },
    ],
  },
}
`;

exports[`debug snapshot parity > matches the native TypeScript SDK fanout graph against a debug server > failure-modes 1`] = `
{
  "observed": {
    "cancelDetachedChild": {
      "detached": {
        "detached": "failure-cancel-detached.d00ae915a16f5db",
      },
    },
    "encodedValue": {
      "array": [
        null,
        null,
      ],
      "date": "1970-01-01T00:00:00.000Z",
      "infinity": null,
      "nested": {
        "ok": true,
      },
      "nil": null,
    },
    "encodingCount": 10,
    "retryAttempts": {
      "constant": [
        1,
      ],
      "exhausted": [
        1,
      ],
      "exponential": [
        1,
      ],
      "linear": [
        1,
      ],
      "never": [
        1,
      ],
      "nonRetryable": [
        1,
      ],
      "timeoutExceeded": [
        1,
      ],
    },
    "retryResultStatuses": {
      "constant": "failure",
      "exhausted": "failure",
      "exponential": "failure",
      "linear": "failure",
      "never": "failure",
      "nonRetryable": "failure",
      "timeoutExceeded": "failure",
    },
    "typedExternalSchemaHeaders": {
      "resolve": {
        "data": "Im9rIg==",
        "headers": {
          "resonate:schema": "nativeTyped",
        },
      },
    },
  },
  "snapshot": {
    "callbacks": [],
    "listeners": [],
    "messages": [],
    "promiseTimeouts": [
      {
        "id": "failure-cancel-attached.0.0",
        "timeout": "<timestamp>",
      },
      {
        "id": "failure-cancel-root.0",
        "timeout": "<timestamp>",
      },
    ],
    "promises": [
      {
        "createdAt": "<timestamp>",
        "id": "failure-cancel-attached",
        "param": {
          "data": "eyJmdW5jIjoiYXR0YWNoZWRQYXJlbnQiLCJhcmdzIjpbImF0dGFjaGVkIl0sInZlcnNpb24iOjF9",
          "headers": {},
        },
        "settledAt": "<timestamp>",
        "state": "rejected",
        "tags": {
          "resonate:branch": "failure-cancel-attached",
          "resonate:origin": "failure-cancel-attached",
          "resonate:parent": "failure-cancel-attached",
          "resonate:prefix": "failure-cancel-attached",
          "resonate:scope": "global",
          "resonate:target": "poll://any@debug-snapshot-parity",
        },
        "timeoutAt": "<timestamp>",
        "value": {
          "data": "",
          "headers": {},
        },
      },
      {
        "createdAt": "<timestamp>",
        "id": "failure-cancel-attached.0",
        "param": {
          "data": "eyJmdW5jIjoicGVuZGluZ0V4dGVybmFsIiwiYXJncyI6WyJhdHRhY2hlZC1jaGlsZCJdLCJ2ZXJzaW9uIjoxfQ==",
          "headers": {},
        },
        "settledAt": "<timestamp>",
        "state": "rejected_canceled",
        "tags": {
          "resonate:branch": "failure-cancel-attached.0",
          "resonate:origin": "failure-cancel-attached",
          "resonate:parent": "failure-cancel-attached",
          "resonate:prefix": "failure-cancel-attached",
          "resonate:scope": "global",
          "resonate:target": "poll://any@debug-snapshot-parity",
        },
        "timeoutAt": "<timestamp>",
        "value": {
          "data": "",
          "headers": {},
        },
      },
      {
        "createdAt": "<timestamp>",
        "id": "failure-cancel-attached.0.0",
        "param": {
          "data": "",
          "headers": {},
        },
        "state": "pending",
        "tags": {
          "label": "attached-child",
          "resonate:branch": "failure-cancel-attached.0.0",
          "resonate:origin": "failure-cancel-attached",
          "resonate:parent": "failure-cancel-attached.0",
          "resonate:prefix": "failure-cancel-attached",
          "resonate:scope": "global",
        },
        "timeoutAt": "<timestamp>",
        "value": {},
      },
      {
        "createdAt": "<timestamp>",
        "id": "failure-cancel-detached",
        "param": {
          "data": "eyJmdW5jIjoiZGV0YWNoZWRQYXJlbnQiLCJhcmdzIjpbImRldGFjaGVkIl0sInZlcnNpb24iOjF9",
          "headers": {},
        },
        "settledAt": "<timestamp>",
        "state": "resolved",
        "tags": {
          "resonate:branch": "failure-cancel-detached",
          "resonate:origin": "failure-cancel-detached",
          "resonate:parent": "failure-cancel-detached",
          "resonate:prefix": "failure-cancel-detached",
          "resonate:scope": "global",
          "resonate:target": "poll://any@debug-snapshot-parity",
        },
        "timeoutAt": "<timestamp>",
        "value": {
          "data": "eyJkZXRhY2hlZCI6ImZhaWx1cmUtY2FuY2VsLWRldGFjaGVkLmQwMGFlOTE1YTE2ZjVkYiJ9",
          "headers": {},
        },
      },
      {
        "createdAt": "<timestamp>",
        "id": "failure-cancel-detached.d00ae915a16f5db",
        "param": {
          "data": "eyJmdW5jIjoicGVuZGluZ0V4dGVybmFsIiwiYXJncyI6WyJkZXRhY2hlZC1kZXRhY2hlZCJdLCJ2ZXJzaW9uIjoxfQ==",
          "headers": {},
        },
        "settledAt": "<timestamp>",
        "state": "rejected_canceled",
        "tags": {
          "resonate:branch": "failure-cancel-detached.d00ae915a16f5db",
          "resonate:origin": "failure-cancel-detached.d00ae915a16f5db",
          "resonate:parent": "failure-cancel-detached",
          "resonate:prefix": "failure-cancel-detached",
          "resonate:scope": "global",
          "resonate:target": "poll://any@debug-snapshot-parity",
        },
        "timeoutAt": "<timestamp>",
        "value": {
          "data": "",
          "headers": {},
        },
      },
      {
        "createdAt": "<timestamp>",
        "id": "failure-cancel-external",
        "param": {
          "data": "eyJmdW5jIjoicGVuZGluZ0V4dGVybmFsIiwiYXJncyI6WyJleHRlcm5hbCJdLCJ2ZXJzaW9uIjoxfQ==",
          "headers": {},
        },
        "settledAt": "<timestamp>",
        "state": "rejected",
        "tags": {
          "resonate:branch": "failure-cancel-external",
          "resonate:origin": "failure-cancel-external",
          "resonate:parent": "failure-cancel-external",
          "resonate:prefix": "failure-cancel-external",
          "resonate:scope": "global",
          "resonate:target": "poll://any@debug-snapshot-parity",
        },
        "timeoutAt": "<timestamp>",
        "value": {
          "data": "",
          "headers": {},
        },
      },
      {
        "createdAt": "<timestamp>",
        "id": "failure-cancel-external.0",
        "param": {
          "data": "",
          "headers": {},
        },
        "settledAt": "<timestamp>",
        "state": "rejected_canceled",
        "tags": {
          "label": "external",
          "resonate:branch": "failure-cancel-external.0",
          "resonate:origin": "failure-cancel-external",
          "resonate:parent": "failure-cancel-external",
          "resonate:prefix": "failure-cancel-external",
          "resonate:scope": "global",
        },
        "timeoutAt": "<timestamp>",
        "value": {
          "data": "",
          "headers": {},
        },
      },
      {
        "createdAt": "<timestamp>",
        "id": "failure-cancel-root",
        "param": {
          "data": "eyJmdW5jIjoicGVuZGluZ0V4dGVybmFsIiwiYXJncyI6WyJyb290Il0sInZlcnNpb24iOjF9",
          "headers": {},
        },
        "settledAt": "<timestamp>",
        "state": "rejected_canceled",
        "tags": {
          "resonate:branch": "failure-cancel-root",
          "resonate:origin": "failure-cancel-root",
          "resonate:parent": "failure-cancel-root",
          "resonate:prefix": "failure-cancel-root",
          "resonate:scope": "global",
          "resonate:target": "poll://any@debug-snapshot-parity",
        },
        "timeoutAt": "<timestamp>",
        "value": {
          "data": "",
          "headers": {},
        },
      },
      {
        "createdAt": "<timestamp>",
        "id": "failure-cancel-root.0",
        "param": {
          "data": "",
          "headers": {},
        },
        "state": "pending",
        "tags": {
          "label": "root",
          "resonate:branch": "failure-cancel-root.0",
          "resonate:origin": "failure-cancel-root",
          "resonate:parent": "failure-cancel-root",
          "resonate:prefix": "failure-cancel-root",
          "resonate:scope": "global",
        },
        "timeoutAt": "<timestamp>",
        "value": {},
      },
      {
        "createdAt": "<timestamp>",
        "id": "failure-encoding-error-0",
        "param": {
          "data": "eyJmdW5jIjoiZW5jb2RpbmdGYWlsdXJlIiwiYXJncyI6WyJzdHJpbmctZXJyb3IiXSwidmVyc2lvbiI6MX0=",
          "headers": {},
        },
        "settledAt": "<timestamp>",
        "state": "rejected",
        "tags": {
          "resonate:branch": "failure-encoding-error-0",
          "resonate:origin": "failure-encoding-error-0",
          "resonate:parent": "failure-encoding-error-0",
          "resonate:prefix": "failure-encoding-error-0",
          "resonate:scope": "global",
          "resonate:target": "poll://any@debug-snapshot-parity",
        },
        "timeoutAt": "<timestamp>",
        "value": {
          "data": "InN0cmluZy1lcnJvciI=",
          "headers": {},
        },
      },
      {
        "createdAt": "<timestamp>",
        "id": "failure-encoding-error-1",
        "param": {
          "data": "eyJmdW5jIjoiZW5jb2RpbmdGYWlsdXJlIiwiYXJncyI6W3sib2JqZWN0Ijp0cnVlfV0sInZlcnNpb24iOjF9",
          "headers": {},
        },
        "settledAt": "<timestamp>",
        "state": "rejected",
        "tags": {
          "resonate:branch": "failure-encoding-error-1",
          "resonate:origin": "failure-encoding-error-1",
          "resonate:parent": "failure-encoding-error-1",
          "resonate:prefix": "failure-encoding-error-1",
          "resonate:scope": "global",
          "resonate:target": "poll://any@debug-snapshot-parity",
        },
        "timeoutAt": "<timestamp>",
        "value": {
          "data": "eyJvYmplY3QiOnRydWV9",
          "headers": {},
        },
      },
      {
        "createdAt": "<timestamp>",
        "id": "failure-encoding-error-2",
        "param": {
          "data": "eyJmdW5jIjoiZW5jb2RpbmdGYWlsdXJlIiwiYXJncyI6W3siX190eXBlIjoiZXJyb3IiLCJtZXNzYWdlIjoibmF0aXZlLWVycm9yIiwic3RhY2siOiJFcnJvcjogbmF0aXZlLWVycm9yXG4gICAgYXQgcGFyaXR5IiwibmFtZSI6IkVycm9yIn1dLCJ2ZXJzaW9uIjoxfQ==",
          "headers": {},
        },
        "settledAt": "<timestamp>",
        "state": "rejected",
        "tags": {
          "resonate:branch": "failure-encoding-error-2",
          "resonate:origin": "failure-encoding-error-2",
          "resonate:parent": "failure-encoding-error-2",
          "resonate:prefix": "failure-encoding-error-2",
          "resonate:scope": "global",
          "resonate:target": "poll://any@debug-snapshot-parity",
        },
        "timeoutAt": "<timestamp>",
        "value": {
          "data": "eyJfX3R5cGUiOiJlcnJvciIsIm1lc3NhZ2UiOiJuYXRpdmUtZXJyb3IiLCJzdGFjayI6IkVycm9yOiBuYXRpdmUtZXJyb3JcbiAgICBhdCBwYXJpdHkiLCJuYW1lIjoiRXJyb3IifQ==",
          "headers": {},
        },
      },
      {
        "createdAt": "<timestamp>",
        "id": "failure-encoding-error-3",
        "param": {
          "data": "eyJmdW5jIjoiZW5jb2RpbmdGYWlsdXJlIiwiYXJncyI6W3siX190eXBlIjoiYWdncmVnYXRlX2Vycm9yIiwibWVzc2FnZSI6Im1hbnkiLCJzdGFjayI6IkFnZ3JlZ2F0ZUVycm9yOiBtYW55XG4gICAgYXQgcGFyaXR5IiwibmFtZSI6IkFnZ3JlZ2F0ZUVycm9yIiwiZXJyb3JzIjpbeyJfX3R5cGUiOiJlcnJvciIsIm1lc3NhZ2UiOiJvbmUiLCJzdGFjayI6IkVycm9yOiBvbmVcbiAgICBhdCBwYXJpdHkiLCJuYW1lIjoiRXJyb3IifV19XSwidmVyc2lvbiI6MX0=",
          "headers": {},
        },
        "settledAt": "<timestamp>",
        "state": "rejected",
        "tags": {
          "resonate:branch": "failure-encoding-error-3",
          "resonate:origin": "failure-encoding-error-3",
          "resonate:parent": "failure-encoding-error-3",
          "resonate:prefix": "failure-encoding-error-3",
          "resonate:scope": "global",
          "resonate:target": "poll://any@debug-snapshot-parity",
        },
        "timeoutAt": "<timestamp>",
        "value": {
          "data": "eyJfX3R5cGUiOiJhZ2dyZWdhdGVfZXJyb3IiLCJtZXNzYWdlIjoibWFueSIsInN0YWNrIjoiQWdncmVnYXRlRXJyb3I6IG1hbnlcbiAgICBhdCBwYXJpdHkiLCJuYW1lIjoiQWdncmVnYXRlRXJyb3IiLCJlcnJvcnMiOlt7Il9fdHlwZSI6ImVycm9yIiwibWVzc2FnZSI6Im9uZSIsInN0YWNrIjoiRXJyb3I6IG9uZVxuICAgIGF0IHBhcml0eSIsIm5hbWUiOiJFcnJvciJ9XX0=",
          "headers": {},
        },
      },
      {
        "createdAt": "<timestamp>",
        "id": "failure-encoding-error-4",
        "param": {
          "data": "eyJmdW5jIjoiZW5jb2RpbmdGYWlsdXJlIiwiYXJncyI6W251bGxdLCJ2ZXJzaW9uIjoxfQ==",
          "headers": {},
        },
        "settledAt": "<timestamp>",
        "state": "rejected",
        "tags": {
          "resonate:branch": "failure-encoding-error-4",
          "resonate:origin": "failure-encoding-error-4",
          "resonate:parent": "failure-encoding-error-4",
          "resonate:prefix": "failure-encoding-error-4",
          "resonate:scope": "global",
          "resonate:target": "poll://any@debug-snapshot-parity",
        },
        "timeoutAt": "<timestamp>",
        "value": {
          "data": "bnVsbA==",
          "headers": {},
        },
      },
      {
        "createdAt": "<timestamp>",
        "id": "failure-encoding-error-5",
        "param": {
          "data": "eyJmdW5jIjoiZW5jb2RpbmdGYWlsdXJlIiwiYXJncyI6W251bGxdLCJ2ZXJzaW9uIjoxfQ==",
          "headers": {},
        },
        "settledAt": "<timestamp>",
        "state": "rejected",
        "tags": {
          "resonate:branch": "failure-encoding-error-5",
          "resonate:origin": "failure-encoding-error-5",
          "resonate:parent": "failure-encoding-error-5",
          "resonate:prefix": "failure-encoding-error-5",
          "resonate:scope": "global",
          "resonate:target": "poll://any@debug-snapshot-parity",
        },
        "timeoutAt": "<timestamp>",
        "value": {
          "data": "bnVsbA==",
          "headers": {},
        },
      },
      {
        "createdAt": "<timestamp>",
        "id": "failure-encoding-error-6",
        "param": {
          "data": "eyJmdW5jIjoiZW5jb2RpbmdGYWlsdXJlIiwiYXJncyI6WyJfX0lORl9fIl0sInZlcnNpb24iOjF9",
          "headers": {},
        },
        "settledAt": "<timestamp>",
        "state": "rejected",
        "tags": {
          "resonate:branch": "failure-encoding-error-6",
          "resonate:origin": "failure-encoding-error-6",
          "resonate:parent": "failure-encoding-error-6",
          "resonate:prefix": "failure-encoding-error-6",
          "resonate:scope": "global",
          "resonate:target": "poll://any@debug-snapshot-parity",
        },
        "timeoutAt": "<timestamp>",
        "value": {
          "data": "Il9fSU5GX18i",
          "headers": {},
        },
      },
      {
        "createdAt": "<timestamp>",
        "id": "failure-encoding-error-7",
        "param": {
          "data": "eyJmdW5jIjoiZW5jb2RpbmdGYWlsdXJlIiwiYXJncyI6WyIxOTcwLTAxLTAxVDAwOjAwOjAwLjAwMFoiXSwidmVyc2lvbiI6MX0=",
          "headers": {},
        },
        "settledAt": "<timestamp>",
        "state": "rejected",
        "tags": {
          "resonate:branch": "failure-encoding-error-7",
          "resonate:origin": "failure-encoding-error-7",
          "resonate:parent": "failure-encoding-error-7",
          "resonate:prefix": "failure-encoding-error-7",
          "resonate:scope": "global",
          "resonate:target": "poll://any@debug-snapshot-parity",
        },
        "timeoutAt": "<timestamp>",
        "value": {
          "data": "IjE5NzAtMDEtMDFUMDA6MDA6MDAuMDAwWiI=",
          "headers": {},
        },
      },
      {
        "createdAt": "<timestamp>",
        "id": "failure-encoding-error-8",
        "param": {
          "data": "eyJmdW5jIjoiZW5jb2RpbmdGYWlsdXJlIiwiYXJncyI6W1sxLG51bGwsbnVsbF1dLCJ2ZXJzaW9uIjoxfQ==",
          "headers": {},
        },
        "settledAt": "<timestamp>",
        "state": "rejected",
        "tags": {
          "resonate:branch": "failure-encoding-error-8",
          "resonate:origin": "failure-encoding-error-8",
          "resonate:parent": "failure-encoding-error-8",
          "resonate:prefix": "failure-encoding-error-8",
          "resonate:scope": "global",
          "resonate:target": "poll://any@debug-snapshot-parity",
        },
        "timeoutAt": "<timestamp>",
        "value": {
          "data": "WzEsbnVsbCxudWxsXQ==",
          "headers": {},
        },
      },
      {
        "createdAt": "<timestamp>",
        "id": "failure-encoding-error-9",
        "param": {
          "data": "eyJmdW5jIjoiZW5jb2RpbmdGYWlsdXJlIiwiYXJncyI6W3sibmVzdGVkIjp7ImFycmF5IjpbMSx7InR3byI6Mn1dfX1dLCJ2ZXJzaW9uIjoxfQ==",
          "headers": {},
        },
        "settledAt": "<timestamp>",
        "state": "rejected",
        "tags": {
          "resonate:branch": "failure-encoding-error-9",
          "resonate:origin": "failure-encoding-error-9",
          "resonate:parent": "failure-encoding-error-9",
          "resonate:prefix": "failure-encoding-error-9",
          "resonate:scope": "global",
          "resonate:target": "poll://any@debug-snapshot-parity",
        },
        "timeoutAt": "<timestamp>",
        "value": {
          "data": "eyJuZXN0ZWQiOnsiYXJyYXkiOlsxLHsidHdvIjoyfV19fQ==",
          "headers": {},
        },
      },
      {
        "createdAt": "<timestamp>",
        "id": "failure-encoding-value",
        "param": {
          "data": "eyJmdW5jIjoiZW5jb2RpbmdWYWx1ZSIsImFyZ3MiOlt7Im5pbCI6bnVsbCwiaW5maW5pdHkiOiJfX0lORl9fIiwiZGF0ZSI6IjE5NzAtMDEtMDFUMDA6MDA6MDAuMDAwWiIsImFycmF5IjpbbnVsbCxudWxsXSwibmVzdGVkIjp7Im9rIjp0cnVlfX1dLCJ2ZXJzaW9uIjoxfQ==",
          "headers": {},
        },
        "settledAt": "<timestamp>",
        "state": "resolved",
        "tags": {
          "resonate:branch": "failure-encoding-value",
          "resonate:origin": "failure-encoding-value",
          "resonate:parent": "failure-encoding-value",
          "resonate:prefix": "failure-encoding-value",
          "resonate:scope": "global",
          "resonate:target": "poll://any@debug-snapshot-parity",
        },
        "timeoutAt": "<timestamp>",
        "value": {
          "data": "eyJuaWwiOm51bGwsImluZmluaXR5IjoiX19JTkZfXyIsImRhdGUiOiIxOTcwLTAxLTAxVDAwOjAwOjAwLjAwMFoiLCJhcnJheSI6W251bGwsbnVsbF0sIm5lc3RlZCI6eyJvayI6dHJ1ZX19",
          "headers": {},
        },
      },
      {
        "createdAt": "<timestamp>",
        "id": "failure-retry-constant",
        "param": {
          "data": "eyJmdW5jIjoicmV0cnlpbmciLCJhcmdzIjpbeyJsYWJlbCI6ImNvbnN0YW50Iiwia2luZCI6ImVycm9yIiwiZXJyb3IiOiJjb25zdGFudC1ib29tIn1dLCJyZXRyeSI6eyJ0eXBlIjoiY29uc3RhbnQiLCJkYXRhIjp7ImRlbGF5IjowLCJtYXhSZXRyaWVzIjoyfX0sInZlcnNpb24iOjF9",
          "headers": {},
        },
        "settledAt": "<timestamp>",
        "state": "rejected",
        "tags": {
          "resonate:branch": "failure-retry-constant",
          "resonate:origin": "failure-retry-constant",
          "resonate:parent": "failure-retry-constant",
          "resonate:prefix": "failure-retry-constant",
          "resonate:scope": "global",
          "resonate:target": "poll://any@debug-snapshot-parity",
        },
        "timeoutAt": "<timestamp>",
        "value": {
          "data": "ImNvbnN0YW50LWJvb20i",
          "headers": {},
        },
      },
      {
        "createdAt": "<timestamp>",
        "id": "failure-retry-exhausted",
        "param": {
          "data": "eyJmdW5jIjoicmV0cnlpbmciLCJhcmdzIjpbeyJsYWJlbCI6ImV4aGF1c3RlZCIsImtpbmQiOiJlcnJvciIsImVycm9yIjoiZXhoYXVzdGVkLWJvb20ifV0sInJldHJ5Ijp7InR5cGUiOiJjb25zdGFudCIsImRhdGEiOnsiZGVsYXkiOjAsIm1heFJldHJpZXMiOjF9fSwidmVyc2lvbiI6MX0=",
          "headers": {},
        },
        "settledAt": "<timestamp>",
        "state": "rejected",
        "tags": {
          "resonate:branch": "failure-retry-exhausted",
          "resonate:origin": "failure-retry-exhausted",
          "resonate:parent": "failure-retry-exhausted",
          "resonate:prefix": "failure-retry-exhausted",
          "resonate:scope": "global",
          "resonate:target": "poll://any@debug-snapshot-parity",
        },
        "timeoutAt": "<timestamp>",
        "value": {
          "data": "ImV4aGF1c3RlZC1ib29tIg==",
          "headers": {},
        },
      },
      {
        "createdAt": "<timestamp>",
        "id": "failure-retry-exponential",
        "param": {
          "data": "eyJmdW5jIjoicmV0cnlpbmciLCJhcmdzIjpbeyJsYWJlbCI6ImV4cG9uZW50aWFsIiwia2luZCI6ImVycm9yIiwiZXJyb3IiOiJleHBvbmVudGlhbC1ib29tIn1dLCJyZXRyeSI6eyJ0eXBlIjoiZXhwb25lbnRpYWwiLCJkYXRhIjp7ImRlbGF5IjowLCJmYWN0b3IiOjIsIm1heFJldHJpZXMiOjIsIm1heERlbGF5IjoxfX0sInZlcnNpb24iOjF9",
          "headers": {},
        },
        "settledAt": "<timestamp>",
        "state": "rejected",
        "tags": {
          "resonate:branch": "failure-retry-exponential",
          "resonate:origin": "failure-retry-exponential",
          "resonate:parent": "failure-retry-exponential",
          "resonate:prefix": "failure-retry-exponential",
          "resonate:scope": "global",
          "resonate:target": "poll://any@debug-snapshot-parity",
        },
        "timeoutAt": "<timestamp>",
        "value": {
          "data": "ImV4cG9uZW50aWFsLWJvb20i",
          "headers": {},
        },
      },
      {
        "createdAt": "<timestamp>",
        "id": "failure-retry-linear",
        "param": {
          "data": "eyJmdW5jIjoicmV0cnlpbmciLCJhcmdzIjpbeyJsYWJlbCI6ImxpbmVhciIsImtpbmQiOiJlcnJvciIsImVycm9yIjoibGluZWFyLWJvb20ifV0sInJldHJ5Ijp7InR5cGUiOiJsaW5lYXIiLCJkYXRhIjp7ImRlbGF5IjowLCJtYXhSZXRyaWVzIjoyfX0sInZlcnNpb24iOjF9",
          "headers": {},
        },
        "settledAt": "<timestamp>",
        "state": "rejected",
        "tags": {
          "resonate:branch": "failure-retry-linear",
          "resonate:origin": "failure-retry-linear",
          "resonate:parent": "failure-retry-linear",
          "resonate:prefix": "failure-retry-linear",
          "resonate:scope": "global",
          "resonate:target": "poll://any@debug-snapshot-parity",
        },
        "timeoutAt": "<timestamp>",
        "value": {
          "data": "ImxpbmVhci1ib29tIg==",
          "headers": {},
        },
      },
      {
        "createdAt": "<timestamp>",
        "id": "failure-retry-never",
        "param": {
          "data": "eyJmdW5jIjoicmV0cnlpbmciLCJhcmdzIjpbeyJsYWJlbCI6Im5ldmVyIiwia2luZCI6ImVycm9yIiwiZXJyb3IiOiJuZXZlci1ib29tIn1dLCJyZXRyeSI6eyJ0eXBlIjoibmV2ZXIiLCJkYXRhIjp7fX0sInZlcnNpb24iOjF9",
          "headers": {},
        },
        "settledAt": "<timestamp>",
        "state": "rejected",
        "tags": {
          "resonate:branch": "failure-retry-never",
          "resonate:origin": "failure-retry-never",
          "resonate:parent": "failure-retry-never",
          "resonate:prefix": "failure-retry-never",
          "resonate:scope": "global",
          "resonate:target": "poll://any@debug-snapshot-parity",
        },
        "timeoutAt": "<timestamp>",
        "value": {
          "data": "Im5ldmVyLWJvb20i",
          "headers": {},
        },
      },
      {
        "createdAt": "<timestamp>",
        "id": "failure-retry-non-retryable",
        "param": {
          "data": "eyJmdW5jIjoicmV0cnlpbmciLCJhcmdzIjpbeyJsYWJlbCI6Im5vblJldHJ5YWJsZSIsImtpbmQiOiJub25SZXRyeWFibGUifV0sInJldHJ5Ijp7InR5cGUiOiJjb25zdGFudCIsImRhdGEiOnsiZGVsYXkiOjAsIm1heFJldHJpZXMiOjN9fSwidmVyc2lvbiI6MX0=",
          "headers": {},
        },
        "settledAt": "<timestamp>",
        "state": "rejected",
        "tags": {
          "resonate:branch": "failure-retry-non-retryable",
          "resonate:origin": "failure-retry-non-retryable",
          "resonate:parent": "failure-retry-non-retryable",
          "resonate:prefix": "failure-retry-non-retryable",
          "resonate:scope": "global",
          "resonate:target": "poll://any@debug-snapshot-parity",
        },
        "timeoutAt": "<timestamp>",
        "value": {
          "data": "eyJfX3R5cGUiOiJlcnJvciIsIm1lc3NhZ2UiOiJub24tcmV0cnlhYmxlIiwic3RhY2siOiJFcnJvcjogbm9uLXJldHJ5YWJsZVxuICAgIGF0IHBhcml0eSIsIm5hbWUiOiJFcnJvciJ9",
          "headers": {},
        },
      },
      {
        "createdAt": "<timestamp>",
        "id": "failure-retry-timeoutExceeded",
        "param": {
          "data": "eyJmdW5jIjoicmV0cnlpbmciLCJhcmdzIjpbeyJsYWJlbCI6InRpbWVvdXRFeGNlZWRlZCIsImtpbmQiOiJlcnJvciIsImVycm9yIjoidGltZW91dEV4Y2VlZGVkLWJvb20ifV0sInJldHJ5Ijp7InR5cGUiOiJjb25zdGFudCIsImRhdGEiOnsiZGVsYXkiOjEwMDAsIm1heFJldHJpZXMiOjN9fSwidmVyc2lvbiI6MX0=",
          "headers": {},
        },
        "settledAt": "<timestamp>",
        "state": "rejected",
        "tags": {
          "resonate:branch": "failure-retry-timeoutExceeded",
          "resonate:origin": "failure-retry-timeoutExceeded",
          "resonate:parent": "failure-retry-timeoutExceeded",
          "resonate:prefix": "failure-retry-timeoutExceeded",
          "resonate:scope": "global",
          "resonate:target": "poll://any@debug-snapshot-parity",
        },
        "timeoutAt": "<timestamp>",
        "value": {
          "data": "InRpbWVvdXRFeGNlZWRlZC1ib29tIg==",
          "headers": {},
        },
      },
    ],
    "taskTimeouts": [],
    "tasks": [
      {
        "id": "failure-cancel-attached",
        "resumes": 0,
        "state": "fulfilled",
        "version": 2,
      },
      {
        "id": "failure-cancel-attached.0",
        "resumes": 0,
        "state": "fulfilled",
        "version": 1,
      },
      {
        "id": "failure-cancel-detached",
        "resumes": 0,
        "state": "fulfilled",
        "version": 1,
      },
      {
        "id": "failure-cancel-detached.d00ae915a16f5db",
        "resumes": 0,
        "state": "fulfilled",
        "version": 1,
      },
      {
        "id": "failure-cancel-external",
        "resumes": 0,
        "state": "fulfilled",
        "version": 2,
      },
      {
        "id": "failure-cancel-root",
        "resumes": 0,
        "state": "fulfilled",
        "version": 1,
      },
      {
        "id": "failure-encoding-error-0",
        "resumes": 0,
        "state": "fulfilled",
        "version": 1,
      },
      {
        "id": "failure-encoding-error-1",
        "resumes": 0,
        "state": "fulfilled",
        "version": 1,
      },
      {
        "id": "failure-encoding-error-2",
        "resumes": 0,
        "state": "fulfilled",
        "version": 1,
      },
      {
        "id": "failure-encoding-error-3",
        "resumes": 0,
        "state": "fulfilled",
        "version": 1,
      },
      {
        "id": "failure-encoding-error-4",
        "resumes": 0,
        "state": "fulfilled",
        "version": 1,
      },
      {
        "id": "failure-encoding-error-5",
        "resumes": 0,
        "state": "fulfilled",
        "version": 1,
      },
      {
        "id": "failure-encoding-error-6",
        "resumes": 0,
        "state": "fulfilled",
        "version": 1,
      },
      {
        "id": "failure-encoding-error-7",
        "resumes": 0,
        "state": "fulfilled",
        "version": 1,
      },
      {
        "id": "failure-encoding-error-8",
        "resumes": 0,
        "state": "fulfilled",
        "version": 1,
      },
      {
        "id": "failure-encoding-error-9",
        "resumes": 0,
        "state": "fulfilled",
        "version": 1,
      },
      {
        "id": "failure-encoding-value",
        "resumes": 0,
        "state": "fulfilled",
        "version": 1,
      },
      {
        "id": "failure-retry-constant",
        "resumes": 0,
        "state": "fulfilled",
        "version": 1,
      },
      {
        "id": "failure-retry-exhausted",
        "resumes": 0,
        "state": "fulfilled",
        "version": 1,
      },
      {
        "id": "failure-retry-exponential",
        "resumes": 0,
        "state": "fulfilled",
        "version": 1,
      },
      {
        "id": "failure-retry-linear",
        "resumes": 0,
        "state": "fulfilled",
        "version": 1,
      },
      {
        "id": "failure-retry-never",
        "resumes": 0,
        "state": "fulfilled",
        "version": 1,
      },
      {
        "id": "failure-retry-non-retryable",
        "resumes": 0,
        "state": "fulfilled",
        "version": 1,
      },
      {
        "id": "failure-retry-timeoutExceeded",
        "resumes": 0,
        "state": "fulfilled",
        "version": 1,
      },
    ],
  },
}
`;

exports[`debug snapshot parity > matches the native TypeScript SDK fanout graph against a debug server > fanout 1`] = `
{
  "callbacks": [],
  "listeners": [],
  "messages": [],
  "promiseTimeouts": [],
  "promises": [
    {
      "createdAt": "<timestamp>",
      "id": "fanout",
      "param": {
        "data": "eyJhcmdzIjpbeyJlbWFpbCI6ImFkYUBleGFtcGxlLmNvbSIsIm9yZGVySWQiOiJvcmRlci0xIiwicGhvbmUiOiIrMTU1NTAxMDAifV0sImZ1bmMiOiJub3RpZnlBbGwiLCJ2ZXJzaW9uIjoxfQ==",
        "headers": {},
      },
      "settledAt": "<timestamp>",
      "state": "resolved",
      "tags": {
        "resonate:target": "poll://any@debug-snapshot-parity",
      },
      "timeoutAt": "<timestamp>",
      "value": {
        "data": "W3siY2hhbm5lbCI6ImVtYWlsIiwiZGVzdGluYXRpb24iOiJhZGFAZXhhbXBsZS5jb20iLCJvayI6dHJ1ZX0seyJjaGFubmVsIjoic21zIiwiZGVzdGluYXRpb24iOiIrMTU1NTAxMDAiLCJvayI6dHJ1ZX0seyJjaGFubmVsIjoic2xhY2siLCJkZXN0aW5hdGlvbiI6Im9yZGVyLTEiLCJvayI6dHJ1ZX0seyJjaGFubmVsIjoicHVzaCIsImRlc3RpbmF0aW9uIjoib3JkZXItMSIsIm9rIjp0cnVlfV0=",
        "headers": {},
      },
    },
    {
      "createdAt": "<timestamp>",
      "id": "fanout.0",
      "param": {
        "data": "eyJmdW5jIjoic2VuZEVtYWlsIiwidmVyc2lvbiI6MX0=",
        "headers": {},
      },
      "settledAt": "<timestamp>",
      "state": "resolved",
      "tags": {
        "resonate:branch": "fanout",
        "resonate:origin": "fanout",
        "resonate:parent": "fanout",
        "resonate:prefix": "fanout",
        "resonate:scope": "local",
      },
      "timeoutAt": "<timestamp>",
      "value": {
        "data": "eyJjaGFubmVsIjoiZW1haWwiLCJkZXN0aW5hdGlvbiI6ImFkYUBleGFtcGxlLmNvbSIsIm9rIjp0cnVlfQ==",
        "headers": {},
      },
    },
    {
      "createdAt": "<timestamp>",
      "id": "fanout.1",
      "param": {
        "data": "eyJmdW5jIjoic2VuZFNtcyIsInZlcnNpb24iOjF9",
        "headers": {},
      },
      "settledAt": "<timestamp>",
      "state": "resolved",
      "tags": {
        "resonate:branch": "fanout",
        "resonate:origin": "fanout",
        "resonate:parent": "fanout",
        "resonate:prefix": "fanout",
        "resonate:scope": "local",
      },
      "timeoutAt": "<timestamp>",
      "value": {
        "data": "eyJjaGFubmVsIjoic21zIiwiZGVzdGluYXRpb24iOiIrMTU1NTAxMDAiLCJvayI6dHJ1ZX0=",
        "headers": {},
      },
    },
    {
      "createdAt": "<timestamp>",
      "id": "fanout.2",
      "param": {
        "data": "eyJmdW5jIjoic2VuZFNsYWNrIiwidmVyc2lvbiI6MX0=",
        "headers": {},
      },
      "settledAt": "<timestamp>",
      "state": "resolved",
      "tags": {
        "resonate:branch": "fanout",
        "resonate:origin": "fanout",
        "resonate:parent": "fanout",
        "resonate:prefix": "fanout",
        "resonate:scope": "local",
      },
      "timeoutAt": "<timestamp>",
      "value": {
        "data": "eyJjaGFubmVsIjoic2xhY2siLCJkZXN0aW5hdGlvbiI6Im9yZGVyLTEiLCJvayI6dHJ1ZX0=",
        "headers": {},
      },
    },
    {
      "createdAt": "<timestamp>",
      "id": "fanout.3",
      "param": {
        "data": "eyJmdW5jIjoic2VuZFB1c2giLCJ2ZXJzaW9uIjoxfQ==",
        "headers": {},
      },
      "settledAt": "<timestamp>",
      "state": "resolved",
      "tags": {
        "resonate:branch": "fanout",
        "resonate:origin": "fanout",
        "resonate:parent": "fanout",
        "resonate:prefix": "fanout",
        "resonate:scope": "local",
      },
      "timeoutAt": "<timestamp>",
      "value": {
        "data": "eyJjaGFubmVsIjoicHVzaCIsImRlc3RpbmF0aW9uIjoib3JkZXItMSIsIm9rIjp0cnVlfQ==",
        "headers": {},
      },
    },
  ],
  "taskTimeouts": [],
  "tasks": [
    {
      "id": "fanout",
      "resumes": 0,
      "state": "fulfilled",
      "version": 1,
    },
  ],
}
`;

exports[`debug snapshot parity > matches the native TypeScript SDK fanout graph against a debug server > kitchen-sink 1`] = `
{
  "callbacks": [],
  "listeners": [],
  "messages": [],
  "promiseTimeouts": [],
  "promises": [
    {
      "createdAt": "<timestamp>",
      "id": "kitchen-sink",
      "param": {
        "data": "eyJhcmdzIjpbImlucHV0Il0sImZ1bmMiOiJraXRjaGVuU2luayIsInZlcnNpb24iOjF9",
        "headers": {},
      },
      "settledAt": "<timestamp>",
      "state": "resolved",
      "tags": {
        "resonate:target": "poll://any@debug-snapshot-parity",
      },
      "timeoutAt": "<timestamp>",
      "value": {
        "data": "eyJsb2NhbCI6eyJzdGVwIjoibG9jYWxTdGVwIiwiaW5wdXQiOiJpbnB1dCJ9LCJiZWd1bkxvY2FsIjp7InN0ZXAiOiJsb2NhbEFzeW5jIiwiaW5wdXQiOiJpbnB1dCJ9LCJycGMiOnsic3RlcCI6InJlbW90ZUNoaWxkIiwiaW5wdXQiOiJycGMifSwiYmVndW5ScGMiOnsic3RlcCI6InJlbW90ZUNoaWxkIiwiaW5wdXQiOiJiZWdpblJwYyJ9LCJkZXRhY2hlZCI6eyJzdGVwIjoiZGV0YWNoZWRDaGlsZCIsImlucHV0IjoiZGV0YWNoZWQifX0=",
        "headers": {},
      },
    },
    {
      "createdAt": "<timestamp>",
      "id": "kitchen-sink.0",
      "param": {
        "data": "eyJmdW5jIjoibG9jYWxTdGVwIiwidmVyc2lvbiI6MX0=",
        "headers": {},
      },
      "settledAt": "<timestamp>",
      "state": "resolved",
      "tags": {
        "resonate:branch": "kitchen-sink",
        "resonate:origin": "kitchen-sink",
        "resonate:parent": "kitchen-sink",
        "resonate:prefix": "kitchen-sink",
        "resonate:scope": "local",
      },
      "timeoutAt": "<timestamp>",
      "value": {
        "data": "eyJzdGVwIjoibG9jYWxTdGVwIiwiaW5wdXQiOiJpbnB1dCJ9",
        "headers": {},
      },
    },
    {
      "createdAt": "<timestamp>",
      "id": "kitchen-sink.1",
      "param": {
        "data": "eyJmdW5jIjoibG9jYWxBc3luYyIsInZlcnNpb24iOjF9",
        "headers": {},
      },
      "settledAt": "<timestamp>",
      "state": "resolved",
      "tags": {
        "resonate:branch": "kitchen-sink",
        "resonate:origin": "kitchen-sink",
        "resonate:parent": "kitchen-sink",
        "resonate:prefix": "kitchen-sink",
        "resonate:scope": "local",
      },
      "timeoutAt": "<timestamp>",
      "value": {
        "data": "eyJzdGVwIjoibG9jYWxBc3luYyIsImlucHV0IjoiaW5wdXQifQ==",
        "headers": {},
      },
    },
    {
      "createdAt": "<timestamp>",
      "id": "kitchen-sink.2",
      "param": {
        "data": "eyJmdW5jIjoicmVtb3RlQ2hpbGQiLCJhcmdzIjpbInJwYyJdLCJ2ZXJzaW9uIjoxfQ==",
        "headers": {},
      },
      "settledAt": "<timestamp>",
      "state": "resolved",
      "tags": {
        "resonate:branch": "kitchen-sink.2",
        "resonate:origin": "kitchen-sink",
        "resonate:parent": "kitchen-sink",
        "resonate:prefix": "kitchen-sink",
        "resonate:scope": "global",
        "resonate:target": "poll://any@debug-snapshot-parity",
      },
      "timeoutAt": "<timestamp>",
      "value": {
        "data": "eyJzdGVwIjoicmVtb3RlQ2hpbGQiLCJpbnB1dCI6InJwYyJ9",
        "headers": {},
      },
    },
    {
      "createdAt": "<timestamp>",
      "id": "kitchen-sink.3",
      "param": {
        "data": "eyJmdW5jIjoicmVtb3RlQ2hpbGQiLCJhcmdzIjpbImJlZ2luUnBjIl0sInZlcnNpb24iOjF9",
        "headers": {},
      },
      "settledAt": "<timestamp>",
      "state": "resolved",
      "tags": {
        "resonate:branch": "kitchen-sink.3",
        "resonate:origin": "kitchen-sink",
        "resonate:parent": "kitchen-sink",
        "resonate:prefix": "kitchen-sink",
        "resonate:scope": "global",
        "resonate:target": "poll://any@debug-snapshot-parity",
      },
      "timeoutAt": "<timestamp>",
      "value": {
        "data": "eyJzdGVwIjoicmVtb3RlQ2hpbGQiLCJpbnB1dCI6ImJlZ2luUnBjIn0=",
        "headers": {},
      },
    },
    {
      "createdAt": "<timestamp>",
      "id": "kitchen-sink.5",
      "param": {
        "data": "IiI=",
        "headers": {},
      },
      "settledAt": "<timestamp>",
      "state": "resolved",
      "tags": {
        "resonate:branch": "kitchen-sink.5",
        "resonate:origin": "kitchen-sink",
        "resonate:parent": "kitchen-sink",
        "resonate:prefix": "kitchen-sink",
        "resonate:scope": "global",
        "resonate:timer": "true",
      },
      "timeoutAt": "<timestamp>",
      "value": {},
    },
    {
      "createdAt": "<timestamp>",
      "id": "kitchen-sink.6",
      "param": {
        "data": "IiI=",
        "headers": {},
      },
      "settledAt": "<timestamp>",
      "state": "resolved",
      "tags": {
        "resonate:branch": "kitchen-sink.6",
        "resonate:origin": "kitchen-sink",
        "resonate:parent": "kitchen-sink",
        "resonate:prefix": "kitchen-sink",
        "resonate:scope": "global",
        "resonate:timer": "true",
      },
      "timeoutAt": "<timestamp>",
      "value": {},
    },
    {
      "createdAt": "<timestamp>",
      "id": "kitchen-sink.d0bb49eb4bf4ea5",
      "param": {
        "data": "eyJmdW5jIjoiZGV0YWNoZWRDaGlsZCIsImFyZ3MiOlsiZGV0YWNoZWQiXSwidmVyc2lvbiI6MX0=",
        "headers": {},
      },
      "settledAt": "<timestamp>",
      "state": "resolved",
      "tags": {
        "resonate:branch": "kitchen-sink.d0bb49eb4bf4ea5",
        "resonate:origin": "kitchen-sink.d0bb49eb4bf4ea5",
        "resonate:parent": "kitchen-sink",
        "resonate:prefix": "kitchen-sink",
        "resonate:scope": "global",
        "resonate:target": "poll://any@debug-snapshot-parity",
      },
      "timeoutAt": "<timestamp>",
      "value": {
        "data": "eyJzdGVwIjoiZGV0YWNoZWRDaGlsZCIsImlucHV0IjoiZGV0YWNoZWQifQ==",
        "headers": {},
      },
    },
  ],
  "taskTimeouts": [],
  "tasks": [
    {
      "id": "kitchen-sink",
      "resumes": 0,
      "state": "fulfilled",
      "version": 3,
    },
    {
      "id": "kitchen-sink.2",
      "resumes": 0,
      "state": "fulfilled",
      "version": 1,
    },
    {
      "id": "kitchen-sink.3",
      "resumes": 0,
      "state": "fulfilled",
      "version": 1,
    },
    {
      "id": "kitchen-sink.d0bb49eb4bf4ea5",
      "resumes": 0,
      "state": "fulfilled",
      "version": 1,
    },
  ],
}
`;

exports[`debug snapshot parity > matches the native TypeScript SDK fanout graph against a debug server > timers-schedules 1`] = `
{
  "observed": {
    "afterDeleteTick": [],
    "scheduleCreated": {
      "createdAt": "<timestamp>",
      "cron": "* * * * *",
      "id": "timer-schedule",
      "nextRunAt": "<timestamp>",
      "promiseId": "{{.id}}.{{.timestamp}}",
      "promiseParam": {
        "data": "eyJmdW5jIjoic2NoZWR1bGVkRWNobyIsImFyZ3MiOlsidGljayJdLCJ2ZXJzaW9uIjoxfQ==",
        "headers": {},
      },
      "promiseTags": {
        "resonate:target": "poll://any@debug-snapshot-parity",
      },
      "promiseTimeout": 86400000,
    },
    "scheduleDeleted": true,
    "scheduleParam": {
      "args": [
        "tick",
      ],
      "func": "scheduledEcho",
      "version": 1,
    },
    "scheduleTick": [],
    "tick": [],
  },
  "snapshot": {
    "callbacks": [],
    "listeners": [],
    "messages": [],
    "promiseTimeouts": [],
    "promises": [
      {
        "createdAt": "<timestamp>",
        "id": "timer-child-timeout",
        "param": {
          "data": "eyJmdW5jIjoiY2hpbGRTbGVlcGVyIiwiYXJncyI6WzYwMDAwXSwidmVyc2lvbiI6MX0=",
          "headers": {},
        },
        "settledAt": "<timestamp>",
        "state": "rejected_timedout",
        "tags": {
          "resonate:branch": "timer-child-timeout",
          "resonate:origin": "timer-child-timeout",
          "resonate:parent": "timer-child-timeout",
          "resonate:prefix": "timer-child-timeout",
          "resonate:scope": "global",
          "resonate:target": "poll://any@debug-snapshot-parity",
        },
        "timeoutAt": "<timestamp>",
        "value": {},
      },
      {
        "createdAt": "<timestamp>",
        "id": "timer-child-timeout.0",
        "param": {
          "data": "eyJmdW5jIjoic2xlZXBGb3IiLCJhcmdzIjpbNjAwMDBdLCJ2ZXJzaW9uIjoxfQ==",
          "headers": {},
        },
        "settledAt": "<timestamp>",
        "state": "rejected_timedout",
        "tags": {
          "resonate:branch": "timer-child-timeout.0",
          "resonate:origin": "timer-child-timeout",
          "resonate:parent": "timer-child-timeout",
          "resonate:prefix": "timer-child-timeout",
          "resonate:scope": "global",
          "resonate:target": "poll://any@debug-snapshot-parity",
        },
        "timeoutAt": "<timestamp>",
        "value": {},
      },
      {
        "createdAt": "<timestamp>",
        "id": "timer-child-timeout.0.0",
        "param": {
          "data": "IiI=",
          "headers": {},
        },
        "settledAt": "<timestamp>",
        "state": "resolved",
        "tags": {
          "resonate:branch": "timer-child-timeout.0.0",
          "resonate:origin": "timer-child-timeout",
          "resonate:parent": "timer-child-timeout.0",
          "resonate:prefix": "timer-child-timeout",
          "resonate:scope": "global",
          "resonate:timer": "true",
        },
        "timeoutAt": "<timestamp>",
        "value": {},
      },
      {
        "createdAt": "<timestamp>",
        "id": "timer-external-timeout",
        "param": {
          "data": "eyJmdW5jIjoiZXh0ZXJuYWxUaW1lb3V0IiwiYXJncyI6WzUwMF0sInZlcnNpb24iOjF9",
          "headers": {},
        },
        "settledAt": "<timestamp>",
        "state": "rejected",
        "tags": {
          "resonate:branch": "timer-external-timeout",
          "resonate:origin": "timer-external-timeout",
          "resonate:parent": "timer-external-timeout",
          "resonate:prefix": "timer-external-timeout",
          "resonate:scope": "global",
          "resonate:target": "poll://any@debug-snapshot-parity",
        },
        "timeoutAt": "<timestamp>",
        "value": {
          "data": "",
          "headers": {},
        },
      },
      {
        "createdAt": "<timestamp>",
        "id": "timer-external-timeout.0",
        "param": {
          "data": "",
          "headers": {},
        },
        "settledAt": "<timestamp>",
        "state": "rejected_timedout",
        "tags": {
          "resonate:branch": "timer-external-timeout.0",
          "resonate:origin": "timer-external-timeout",
          "resonate:parent": "timer-external-timeout",
          "resonate:prefix": "timer-external-timeout",
          "resonate:scope": "global",
        },
        "timeoutAt": "<timestamp>",
        "value": {},
      },
      {
        "createdAt": "<timestamp>",
        "id": "timer-root-timeout",
        "param": {
          "data": "eyJmdW5jIjoic2xlZXBGb3IiLCJhcmdzIjpbNjAwMDBdLCJ2ZXJzaW9uIjoxfQ==",
          "headers": {},
        },
        "settledAt": "<timestamp>",
        "state": "rejected_timedout",
        "tags": {
          "resonate:branch": "timer-root-timeout",
          "resonate:origin": "timer-root-timeout",
          "resonate:parent": "timer-root-timeout",
          "resonate:prefix": "timer-root-timeout",
          "resonate:scope": "global",
          "resonate:target": "poll://any@debug-snapshot-parity",
        },
        "timeoutAt": "<timestamp>",
        "value": {},
      },
      {
        "createdAt": "<timestamp>",
        "id": "timer-root-timeout.0",
        "param": {
          "data": "IiI=",
          "headers": {},
        },
        "settledAt": "<timestamp>",
        "state": "resolved",
        "tags": {
          "resonate:branch": "timer-root-timeout.0",
          "resonate:origin": "timer-root-timeout",
          "resonate:parent": "timer-root-timeout",
          "resonate:prefix": "timer-root-timeout",
          "resonate:scope": "global",
          "resonate:timer": "true",
        },
        "timeoutAt": "<timestamp>",
        "value": {},
      },
      {
        "createdAt": "<timestamp>",
        "id": "timer-sleep-for",
        "param": {
          "data": "eyJmdW5jIjoic2xlZXBGb3IiLCJhcmdzIjpbMTAwMF0sInZlcnNpb24iOjF9",
          "headers": {},
        },
        "settledAt": "<timestamp>",
        "state": "resolved",
        "tags": {
          "resonate:branch": "timer-sleep-for",
          "resonate:origin": "timer-sleep-for",
          "resonate:parent": "timer-sleep-for",
          "resonate:prefix": "timer-sleep-for",
          "resonate:scope": "global",
          "resonate:target": "poll://any@debug-snapshot-parity",
        },
        "timeoutAt": "<timestamp>",
        "value": {
          "data": "eyJzbGVwdCI6MTAwMH0=",
          "headers": {},
        },
      },
      {
        "createdAt": "<timestamp>",
        "id": "timer-sleep-for.0",
        "param": {
          "data": "IiI=",
          "headers": {},
        },
        "settledAt": "<timestamp>",
        "state": "resolved",
        "tags": {
          "resonate:branch": "timer-sleep-for.0",
          "resonate:origin": "timer-sleep-for",
          "resonate:parent": "timer-sleep-for",
          "resonate:prefix": "timer-sleep-for",
          "resonate:scope": "global",
          "resonate:timer": "true",
        },
        "timeoutAt": "<timestamp>",
        "value": {},
      },
      {
        "createdAt": "<timestamp>",
        "id": "timer-sleep-until",
        "param": {
          "data": "eyJmdW5jIjoic2xlZXBVbnRpbCIsImFyZ3MiOlsxNzgzMTQxNTgxMDAwXSwidmVyc2lvbiI6MX0=",
          "headers": {},
        },
        "settledAt": "<timestamp>",
        "state": "resolved",
        "tags": {
          "resonate:branch": "timer-sleep-until",
          "resonate:origin": "timer-sleep-until",
          "resonate:parent": "timer-sleep-until",
          "resonate:prefix": "timer-sleep-until",
          "resonate:scope": "global",
          "resonate:target": "poll://any@debug-snapshot-parity",
        },
        "timeoutAt": "<timestamp>",
        "value": {
          "data": "eyJ1bnRpbCI6MTc4MzE0MTU4MTAwMH0=",
          "headers": {},
        },
      },
      {
        "createdAt": "<timestamp>",
        "id": "timer-sleep-until.0",
        "param": {
          "data": "IiI=",
          "headers": {},
        },
        "settledAt": "<timestamp>",
        "state": "resolved",
        "tags": {
          "resonate:branch": "timer-sleep-until.0",
          "resonate:origin": "timer-sleep-until",
          "resonate:parent": "timer-sleep-until",
          "resonate:prefix": "timer-sleep-until",
          "resonate:scope": "global",
          "resonate:timer": "true",
        },
        "timeoutAt": "<timestamp>",
        "value": {},
      },
    ],
    "taskTimeouts": [],
    "tasks": [
      {
        "id": "timer-child-timeout",
        "resumes": 0,
        "state": "fulfilled",
        "version": 1,
      },
      {
        "id": "timer-child-timeout.0",
        "resumes": 0,
        "state": "fulfilled",
        "version": 1,
      },
      {
        "id": "timer-external-timeout",
        "resumes": 0,
        "state": "fulfilled",
        "version": 2,
      },
      {
        "id": "timer-root-timeout",
        "resumes": 0,
        "state": "fulfilled",
        "version": 1,
      },
      {
        "id": "timer-sleep-for",
        "resumes": 0,
        "state": "fulfilled",
        "version": 2,
      },
      {
        "id": "timer-sleep-until",
        "resumes": 0,
        "state": "fulfilled",
        "version": 1,
      },
    ],
  },
}
`;

exports[`debug snapshot parity > matches the native TypeScript SDK fanout graph against a debug server > versions-targets 1`] = `
{
  "observed": {
    "defaults": {
      "latestOptionVersion": 0,
      "latestWireVersion": 0,
    },
    "limitations": {
      "localAnycast": "not exercised: Local is an in-memory runtime, not the single HTTP debug server process",
      "localUnicast": "not exercised: Local is an in-memory runtime, not the single HTTP debug server process",
      "pollUnicast": "not invoked by both drivers because the Effect client currently accepts WorkerGroup targets rather than arbitrary target address strings",
    },
    "targetResults": {
      "pollAnycast": {
        "ctxVersion": 2,
        "function": "versioned",
        "input": "poll-anycast",
        "registered": 2,
      },
    },
    "targets": {
      "pollAnycast": "poll://any@debug-snapshot-parity/versions-targets-worker",
      "pollUnicast": "poll://uni@debug-snapshot-parity/versions-targets-worker",
    },
    "versions": {
      "explicitV1": {
        "ctxVersion": 1,
        "function": "versioned",
        "input": "explicit-v1",
        "registered": 1,
      },
      "explicitV2": {
        "ctxVersion": 2,
        "function": "versioned",
        "input": "explicit-v2",
        "registered": 2,
      },
      "latest": {
        "ctxVersion": 2,
        "function": "versioned",
        "input": "latest",
        "registered": 2,
      },
    },
  },
  "snapshot": {
    "callbacks": [],
    "listeners": [],
    "messages": [],
    "promiseTimeouts": [],
    "promises": [
      {
        "createdAt": "<timestamp>",
        "id": "versions-targets-latest",
        "param": {
          "data": "eyJmdW5jIjoidmVyc2lvbnNUYXJnZXRzIiwiYXJncyI6WyJsYXRlc3QiXSwidmVyc2lvbiI6Mn0=",
          "headers": {},
        },
        "settledAt": "<timestamp>",
        "state": "resolved",
        "tags": {
          "resonate:branch": "versions-targets-latest",
          "resonate:origin": "versions-targets-latest",
          "resonate:parent": "versions-targets-latest",
          "resonate:prefix": "versions-targets-latest",
          "resonate:scope": "global",
          "resonate:target": "poll://any@debug-snapshot-parity",
        },
        "timeoutAt": "<timestamp>",
        "value": {
          "data": "eyJmdW5jdGlvbiI6InZlcnNpb25lZCIsInJlZ2lzdGVyZWQiOjIsImN0eFZlcnNpb24iOjIsImlucHV0IjoibGF0ZXN0In0=",
          "headers": {},
        },
      },
      {
        "createdAt": "<timestamp>",
        "id": "versions-targets-poll-any",
        "param": {
          "data": "eyJmdW5jIjoidmVyc2lvbnNUYXJnZXRzIiwiYXJncyI6WyJwb2xsLWFueWNhc3QiXSwidmVyc2lvbiI6Mn0=",
          "headers": {},
        },
        "settledAt": "<timestamp>",
        "state": "resolved",
        "tags": {
          "resonate:branch": "versions-targets-poll-any",
          "resonate:origin": "versions-targets-poll-any",
          "resonate:parent": "versions-targets-poll-any",
          "resonate:prefix": "versions-targets-poll-any",
          "resonate:scope": "global",
          "resonate:target": "poll://any@debug-snapshot-parity",
        },
        "timeoutAt": "<timestamp>",
        "value": {
          "data": "eyJmdW5jdGlvbiI6InZlcnNpb25lZCIsInJlZ2lzdGVyZWQiOjIsImN0eFZlcnNpb24iOjIsImlucHV0IjoicG9sbC1hbnljYXN0In0=",
          "headers": {},
        },
      },
      {
        "createdAt": "<timestamp>",
        "id": "versions-targets-v1",
        "param": {
          "data": "eyJmdW5jIjoidmVyc2lvbnNUYXJnZXRzIiwiYXJncyI6WyJleHBsaWNpdC12MSJdLCJ2ZXJzaW9uIjoxfQ==",
          "headers": {},
        },
        "settledAt": "<timestamp>",
        "state": "resolved",
        "tags": {
          "resonate:branch": "versions-targets-v1",
          "resonate:origin": "versions-targets-v1",
          "resonate:parent": "versions-targets-v1",
          "resonate:prefix": "versions-targets-v1",
          "resonate:scope": "global",
          "resonate:target": "poll://any@debug-snapshot-parity",
        },
        "timeoutAt": "<timestamp>",
        "value": {
          "data": "eyJmdW5jdGlvbiI6InZlcnNpb25lZCIsInJlZ2lzdGVyZWQiOjEsImN0eFZlcnNpb24iOjEsImlucHV0IjoiZXhwbGljaXQtdjEifQ==",
          "headers": {},
        },
      },
      {
        "createdAt": "<timestamp>",
        "id": "versions-targets-v2",
        "param": {
          "data": "eyJmdW5jIjoidmVyc2lvbnNUYXJnZXRzIiwiYXJncyI6WyJleHBsaWNpdC12MiJdLCJ2ZXJzaW9uIjoyfQ==",
          "headers": {},
        },
        "settledAt": "<timestamp>",
        "state": "resolved",
        "tags": {
          "resonate:branch": "versions-targets-v2",
          "resonate:origin": "versions-targets-v2",
          "resonate:parent": "versions-targets-v2",
          "resonate:prefix": "versions-targets-v2",
          "resonate:scope": "global",
          "resonate:target": "poll://any@debug-snapshot-parity",
        },
        "timeoutAt": "<timestamp>",
        "value": {
          "data": "eyJmdW5jdGlvbiI6InZlcnNpb25lZCIsInJlZ2lzdGVyZWQiOjIsImN0eFZlcnNpb24iOjIsImlucHV0IjoiZXhwbGljaXQtdjIifQ==",
          "headers": {},
        },
      },
    ],
    "taskTimeouts": [],
    "tasks": [
      {
        "id": "versions-targets-latest",
        "resumes": 0,
        "state": "fulfilled",
        "version": 1,
      },
      {
        "id": "versions-targets-poll-any",
        "resumes": 0,
        "state": "fulfilled",
        "version": 1,
      },
      {
        "id": "versions-targets-v1",
        "resumes": 0,
        "state": "fulfilled",
        "version": 1,
      },
      {
        "id": "versions-targets-v2",
        "resumes": 0,
        "state": "fulfilled",
        "version": 1,
      },
    ],
  },
}
`;
